
> tailwindadmin-react-free@1.0.0 build
> tsc && vite build

[baseline-browser-mapping] The data in this module is over two months old.  To ensure accurate Baseline data, please update: `npm i baseline-browser-mapping@latest -D`
vite v7.1.12 building for production...
transforming...
Error: Cannot apply unknown utility class `text-sm`
    at onInvalidCandidate (/Users/ferhat/PhpstormProjects/elvtd-frontend/node_modules/tailwindcss/dist/lib.js:21:1511)
    at Te (/Users/ferhat/PhpstormProjects/elvtd-frontend/node_modules/tailwindcss/dist/lib.js:16:36337)
    at /Users/ferhat/PhpstormProjects/elvtd-frontend/node_modules/tailwindcss/dist/lib.js:21:355
    at Tr (/Users/ferhat/PhpstormProjects/elvtd-frontend/node_modules/tailwindcss/dist/lib.js:3:1718)
    at _ (/Users/ferhat/PhpstormProjects/elvtd-frontend/node_modules/tailwindcss/dist/lib.js:3:1377)
    at Se (/Users/ferhat/PhpstormProjects/elvtd-frontend/node_modules/tailwindcss/dist/lib.js:21:172)
    at ln (/Users/ferhat/PhpstormProjects/elvtd-frontend/node_modules/tailwindcss/dist/lib.js:38:294)
    at async sn (/Users/ferhat/PhpstormProjects/elvtd-frontend/node_modules/tailwindcss/dist/lib.js:38:631)
    at async Zr (/Users/ferhat/PhpstormProjects/elvtd-frontend/node_modules/@tailwindcss/node/dist/index.js:10:3385)
    at async I (/Users/ferhat/PhpstormProjects/elvtd-frontend/node_modules/@tailwindcss/postcss/dist/index.js:10:3978)
    at async Object.Once (/Users/ferhat/PhpstormProjects/elvtd-frontend/node_modules/@tailwindcss/postcss/dist/index.js:10:4250)
    at async LazyResult.runAsync (/Users/ferhat/PhpstormProjects/elvtd-frontend/node_modules/postcss/lib/lazy-result.js:293:11)
    at async runPostCSS (file:///Users/ferhat/PhpstormProjects/elvtd-frontend/node_modules/vite/dist/node/chunks/config.js:32052:19)
    at async compilePostCSS (file:///Users/ferhat/PhpstormProjects/elvtd-frontend/node_modules/vite/dist/node/chunks/config.js:32036:6)
    at async compileCSS (file:///Users/ferhat/PhpstormProjects/elvtd-frontend/node_modules/vite/dist/node/chunks/config.js:31966:26)
    at async Object.handler (file:///Users/ferhat/PhpstormProjects/elvtd-frontend/node_modules/vite/dist/node/chunks/config.js:31499:54)
    at async transform (file:///Users/ferhat/PhpstormProjects/elvtd-frontend/node_modules/rollup/dist/es/shared/node-entry.js:21139:16)
    at async ModuleLoader.addModuleSource (file:///Users/ferhat/PhpstormProjects/elvtd-frontend/node_modules/rollup/dist/es/shared/node-entry.js:21352:36)
✓ 48 modules transformed.
✗ Build failed in 609ms
error during build:
[vite:css] [postcss] tailwindcss: /Users/ferhat/PhpstormProjects/elvtd-frontend/src/css/globals.css:1:1: Cannot apply unknown utility class `text-sm`
file: /Users/ferhat/PhpstormProjects/elvtd-frontend/src/css/globals.css:1:0
    at Input.error (/Users/ferhat/PhpstormProjects/elvtd-frontend/node_modules/postcss/lib/input.js:135:16)
    at Root.error (/Users/ferhat/PhpstormProjects/elvtd-frontend/node_modules/postcss/lib/node.js:146:32)
    at Object.Once (/Users/ferhat/PhpstormProjects/elvtd-frontend/node_modules/@tailwindcss/postcss/dist/index.js:10:6912)
    at async LazyResult.runAsync (/Users/ferhat/PhpstormProjects/elvtd-frontend/node_modules/postcss/lib/lazy-result.js:293:11)
    at async runPostCSS (file:///Users/ferhat/PhpstormProjects/elvtd-frontend/node_modules/vite/dist/node/chunks/config.js:32052:19)
    at async compilePostCSS (file:///Users/ferhat/PhpstormProjects/elvtd-frontend/node_modules/vite/dist/node/chunks/config.js:32036:6)
    at async compileCSS (file:///Users/ferhat/PhpstormProjects/elvtd-frontend/node_modules/vite/dist/node/chunks/config.js:31966:26)
    at async Object.handler (file:///Users/ferhat/PhpstormProjects/elvtd-frontend/node_modules/vite/dist/node/chunks/config.js:31499:54)
    at async transform (file:///Users/ferhat/PhpstormProjects/elvtd-frontend/node_modules/rollup/dist/es/shared/node-entry.js:21139:16)
    at async ModuleLoader.addModuleSource (file:///Users/ferhat/PhpstormProjects/elvtd-frontend/node_modules/rollup/dist/es/shared/node-entry.js:21352:36)
